// Jest Snapshot v1, https://goo.gl/fbAQLP

exports[`renders correctly 1`] = `
<div
  className="VExchange-root-1"
>
  <img
    alt=""
    className="VExchange-exchangeMock-2"
    src="exchange_page.png"
  />
</div>
`;
