// Jest Snapshot v1, https://goo.gl/fbAQLP

exports[`renders correctly 1`] = `
<input
  className="wpInput input-error"
  id="id"
  name="name"
  placeholder="placeholder"
  type="type"
/>
`;
