// Jest Snapshot v1, https://goo.gl/fbAQLP

exports[`renders correctly 1`] = `
<div
  className="StreamScreen-root-1"
>
  <img
    alt=""
    src="stream-image.png"
  />
</div>
`;
