// Jest Snapshot v1, https://goo.gl/fbAQLP

exports[`renders correctly 1`] = `
<section
  id="settings"
>
  <div
    className="Settings-root-1"
  >
    <div
      className="Settings-title-2"
    >
      Settings
    </div>
    <div
      className="Settings-themeTitle-3"
    >
      Theme
    </div>
    <div
      className="Settings-wrBtns-4"
    >
      <button
        className="Settings-btn-5"
      >
        Light
      </button>
      <button
        className="Settings-btn-5 Settings-disableBtn-6"
      >
        Dark
      </button>
    </div>
    <div>
      <span
        className="MuiButtonBase-root-23 MuiIconButton-root-17 MuiPrivateSwitchBase-root-13 MuiCheckbox-root-7 MuiCheckbox-colorPrimary-11 MuiPrivateSwitchBase-checked-14 MuiCheckbox-checked-8"
        onBlur={[Function]}
        onContextMenu={[Function]}
        onFocus={[Function]}
        onKeyDown={[Function]}
        onKeyUp={[Function]}
        onMouseDown={[Function]}
        onMouseLeave={[Function]}
        onMouseUp={[Function]}
        onTouchEnd={[Function]}
        onTouchMove={[Function]}
        onTouchStart={[Function]}
        tabIndex={null}
      >
        <span
          className="MuiIconButton-label-22"
        >
          <svg
            aria-hidden="true"
            className="MuiSvgIcon-root-26"
            focusable="false"
            role="presentation"
            viewBox="0 0 24 24"
          >
            <path
              d="M19 3H5c-1.11 0-2 .9-2 2v14c0 1.1.89 2 2 2h14c1.11 0 2-.9 2-2V5c0-1.1-.89-2-2-2zm-9 14l-5-5 1.41-1.41L10 14.17l7.59-7.59L19 8l-9 9z"
            />
          </svg>
          <input
            checked={true}
            className="MuiPrivateSwitchBase-input-16"
            data-indeterminate={false}
            onChange={[Function]}
            type="checkbox"
            value="checkedB"
          />
        </span>
        <span
          className="MuiTouchRipple-root-35"
        />
      </span>
      Subscribe for funds receiving
    </div>
  </div>
</section>
`;
